
Memory Configuration

Name             Origin             Length             Attributes
*default*        0x00000000         0xffffffff

Linker script and memory map

LOAD build/main.o
LOAD build/jtag.o
LOAD build/framebuffer.o
LOAD build/sampleSNES.o

.init           0x00008000        0x4
 *(.init)
 .init          0x00008000        0x4 build/main.o
                0x00008000                _start

.data           0x00009080      0xa40
 *(.data)
 .data          0x00009080      0x9d0 build/main.o
 .data          0x00009a50        0x0 build/jtag.o
 .data          0x00009a50       0x70 build/framebuffer.o
                0x00009a50                FrameBufferInit
                0x00009ab0                FrameBufferPointer
 .data          0x00009ac0        0x0 build/sampleSNES.o
 *.c.o(*)

.igot.plt       0x00009ac0        0x0
 .igot.plt      0x00000000        0x0 build/main.o

.text           0x00009ac0      0x714
 *.c.o(.text)
 *(.text)
 .text          0x00009ac0      0x424 build/main.o
 .text          0x00009ee4       0x8c build/jtag.o
                0x00009ee4                EnableJTAG
 .text          0x00009f70       0x80 build/framebuffer.o
                0x00009f70                InitFrameBuffer
 .text          0x00009ff0      0x1e4 build/sampleSNES.o
                0x00009ff0                sampleSNES
OUTPUT(build/output.elf elf32-littlearm)

.glue_7         0x0000a1d4        0x0
 .glue_7        0x00000000        0x0 linker stubs

.glue_7t        0x0000a1d4        0x0
 .glue_7t       0x00000000        0x0 linker stubs

.vfp11_veneer   0x0000a1d4        0x0
 .vfp11_veneer  0x00000000        0x0 linker stubs

.v4_bx          0x0000a1d4        0x0
 .v4_bx         0x00000000        0x0 linker stubs

.iplt           0x0000a1d4        0x0
 .iplt          0x00000000        0x0 build/main.o

.rel.dyn        0x0000a1d4        0x0
 .rel.iplt      0x00000000        0x0 build/main.o

.bss            0x0000a1d4        0x0
 .bss           0x0000a1d4        0x0 build/main.o
 .bss           0x0000a1d4        0x0 build/jtag.o
 .bss           0x0000a1d4        0x0 build/framebuffer.o
 .bss           0x0000a1d4        0x0 build/sampleSNES.o

.ARM.attributes
                0x00000000       0x29
 .ARM.attributes
                0x00000000       0x29 build/main.o
 .ARM.attributes
                0x00000029       0x29 build/jtag.o
 .ARM.attributes
                0x00000052       0x29 build/framebuffer.o
 .ARM.attributes
                0x0000007b       0x29 build/sampleSNES.o

.debug_line     0x00000000      0x32f
 .debug_line    0x00000000      0x196 build/main.o
 .debug_line    0x00000196       0x61 build/jtag.o
 .debug_line    0x000001f7       0x67 build/framebuffer.o
 .debug_line    0x0000025e       0xd1 build/sampleSNES.o

.debug_info     0x00000000      0x181
 .debug_info    0x00000000       0x5a build/main.o
 .debug_info    0x0000005a       0x5e build/jtag.o
 .debug_info    0x000000b8       0x65 build/framebuffer.o
 .debug_info    0x0000011d       0x64 build/sampleSNES.o

.debug_abbrev   0x00000000       0x4e
 .debug_abbrev  0x00000000       0x12 build/main.o
 .debug_abbrev  0x00000012       0x14 build/jtag.o
 .debug_abbrev  0x00000026       0x14 build/framebuffer.o
 .debug_abbrev  0x0000003a       0x14 build/sampleSNES.o

.debug_aranges  0x00000000       0x88
 .debug_aranges
                0x00000000       0x28 build/main.o
 .debug_aranges
                0x00000028       0x20 build/jtag.o
 .debug_aranges
                0x00000048       0x20 build/framebuffer.o
 .debug_aranges
                0x00000068       0x20 build/sampleSNES.o

.debug_ranges   0x00000000       0x20
 .debug_ranges  0x00000000       0x20 build/main.o
