
Memory Configuration

Name             Origin             Length             Attributes
*default*        0x00000000         0xffffffff

Linker script and memory map

LOAD build/main.o
LOAD build/randomNumber.o
LOAD build/jtag.o
LOAD build/framebuffer.o
LOAD build/sampleSNES.o
LOAD build/menuDrawFunctions.o
LOAD build/utils.o

.init           0x00008000        0x4
 *(.init)
 .init          0x00008000        0x4 build/main.o
                0x00008000                _start

.data           0x00009080     0x14d0
 *(.data)
 .data          0x00009080      0xbf0 build/main.o
 .data          0x00009c70        0x0 build/randomNumber.o
 .data          0x00009c70        0x0 build/jtag.o
 .data          0x00009c70       0x70 build/framebuffer.o
                0x00009c70                FrameBufferInit
                0x00009cd0                FrameBufferPointer
 .data          0x00009ce0        0x0 build/sampleSNES.o
 .data          0x00009ce0      0x870 build/menuDrawFunctions.o
 .data          0x0000a550        0x0 build/utils.o
 *.c.o(*)

.igot.plt       0x0000a550        0x0
 .igot.plt      0x00000000        0x0 build/main.o

.text           0x0000a550     0x1ec4
 *.c.o(.text)
 *(.text)
 .text          0x0000a550      0xc0c build/main.o
 .text          0x0000b15c       0x50 build/randomNumber.o
                0x0000b15c                randomNumber
 .text          0x0000b1ac       0x8c build/jtag.o
                0x0000b1ac                EnableJTAG
 .text          0x0000b238       0x80 build/framebuffer.o
                0x0000b238                InitFrameBuffer
 .text          0x0000b2b8      0x1e4 build/sampleSNES.o
                0x0000b2b8                sampleSNES
 .text          0x0000b49c      0xe84 build/menuDrawFunctions.o
                0x0000b49c                drawPauseMenu
                0x0000b578                drawMainMenu
                0x0000b640                WriteSentence
                0x0000b684                setPauseMenuIndicatorRestart
                0x0000b6c4                setPauseMenuIndicatorQuit
                0x0000b704                setMainMenuIndicatorStart
                0x0000b744                setMainMenuIndicatorQuit
                0x0000b784                drawVictoryScreen
                0x0000ba48                drawLossScreen
                0x0000bd80                drawPaused
                0x0000bfd4                drawTitle
 .text          0x0000c320       0xf4 build/utils.o
                0x0000c320                clearScreen
                0x0000c354                drawPixel
                0x0000c37c                drawRect
                0x0000c3d4                positionToArrayOffset
                0x0000c3e8                startTimer
OUTPUT(build/output.elf elf32-littlearm)

.glue_7         0x0000c414        0x0
 .glue_7        0x00000000        0x0 linker stubs

.glue_7t        0x0000c414        0x0
 .glue_7t       0x00000000        0x0 linker stubs

.vfp11_veneer   0x0000c414        0x0
 .vfp11_veneer  0x00000000        0x0 linker stubs

.v4_bx          0x0000c414        0x0
 .v4_bx         0x00000000        0x0 linker stubs

.iplt           0x0000c414        0x0
 .iplt          0x00000000        0x0 build/main.o

.rel.dyn        0x0000c414        0x0
 .rel.iplt      0x00000000        0x0 build/main.o

.bss            0x0000c414        0x0
 .bss           0x0000c414        0x0 build/main.o
 .bss           0x0000c414        0x0 build/randomNumber.o
 .bss           0x0000c414        0x0 build/jtag.o
 .bss           0x0000c414        0x0 build/framebuffer.o
 .bss           0x0000c414        0x0 build/sampleSNES.o
 .bss           0x0000c414        0x0 build/menuDrawFunctions.o
 .bss           0x0000c414        0x0 build/utils.o

.ARM.attributes
                0x00000000       0x29
 .ARM.attributes
                0x00000000       0x29 build/main.o
 .ARM.attributes
                0x00000029       0x29 build/randomNumber.o
 .ARM.attributes
                0x00000052       0x29 build/jtag.o
 .ARM.attributes
                0x0000007b       0x29 build/framebuffer.o
 .ARM.attributes
                0x000000a4       0x29 build/sampleSNES.o
 .ARM.attributes
                0x000000cd       0x29 build/menuDrawFunctions.o
 .ARM.attributes
                0x000000f6       0x29 build/utils.o

.debug_line     0x00000000      0xa62
 .debug_line    0x00000000      0x3b0 build/main.o
 .debug_line    0x000003b0       0x5a build/randomNumber.o
 .debug_line    0x0000040a       0x61 build/jtag.o
 .debug_line    0x0000046b       0x67 build/framebuffer.o
 .debug_line    0x000004d2       0xc9 build/sampleSNES.o
 .debug_line    0x0000059b      0x43d build/menuDrawFunctions.o
 .debug_line    0x000009d8       0x8a build/utils.o

.debug_info     0x00000000      0x313
 .debug_info    0x00000000       0x68 build/main.o
 .debug_info    0x00000068       0x74 build/randomNumber.o
 .debug_info    0x000000dc       0x6c build/jtag.o
 .debug_info    0x00000148       0x73 build/framebuffer.o
 .debug_info    0x000001bb       0x72 build/sampleSNES.o
 .debug_info    0x0000022d       0x79 build/menuDrawFunctions.o
 .debug_info    0x000002a6       0x6d build/utils.o

.debug_abbrev   0x00000000       0x8a
 .debug_abbrev  0x00000000       0x12 build/main.o
 .debug_abbrev  0x00000012       0x14 build/randomNumber.o
 .debug_abbrev  0x00000026       0x14 build/jtag.o
 .debug_abbrev  0x0000003a       0x14 build/framebuffer.o
 .debug_abbrev  0x0000004e       0x14 build/sampleSNES.o
 .debug_abbrev  0x00000062       0x14 build/menuDrawFunctions.o
 .debug_abbrev  0x00000076       0x14 build/utils.o

.debug_aranges  0x00000000       0xe8
 .debug_aranges
                0x00000000       0x28 build/main.o
 .debug_aranges
                0x00000028       0x20 build/randomNumber.o
 .debug_aranges
                0x00000048       0x20 build/jtag.o
 .debug_aranges
                0x00000068       0x20 build/framebuffer.o
 .debug_aranges
                0x00000088       0x20 build/sampleSNES.o
 .debug_aranges
                0x000000a8       0x20 build/menuDrawFunctions.o
 .debug_aranges
                0x000000c8       0x20 build/utils.o

.debug_ranges   0x00000000       0x20
 .debug_ranges  0x00000000       0x20 build/main.o
