
Memory Configuration

Name             Origin             Length             Attributes
*default*        0x00000000         0xffffffff

Linker script and memory map

LOAD build/main.o
LOAD build/randomNumber.o
LOAD build/jtag.o
LOAD build/framebuffer.o
LOAD build/sampleSNES.o
LOAD build/menuDrawFunctions.o

.init           0x00008000        0x4
 *(.init)
 .init          0x00008000        0x4 build/main.o
                0x00008000                _start

.data           0x00009080      0xc80
 *(.data)
 .data          0x00009080      0x3a0 build/main.o
 .data          0x00009420        0x0 build/randomNumber.o
 .data          0x00009420        0x0 build/jtag.o
 .data          0x00009420       0x70 build/framebuffer.o
                0x00009420                FrameBufferInit
                0x00009480                FrameBufferPointer
 .data          0x00009490        0x0 build/sampleSNES.o
 .data          0x00009490      0x870 build/menuDrawFunctions.o
 *.c.o(*)

.igot.plt       0x00009d00        0x0
 .igot.plt      0x00000000        0x0 build/main.o

.text           0x00009d00     0x1d44
 *.c.o(.text)
 *(.text)
 .text          0x00009d00      0xb80 build/main.o
                0x0000a768                drawPixel
                0x0000a790                drawRect
 .text          0x0000a880       0x50 build/randomNumber.o
                0x0000a880                randomNumber
 .text          0x0000a8d0       0x8c build/jtag.o
                0x0000a8d0                EnableJTAG
 .text          0x0000a95c       0x80 build/framebuffer.o
                0x0000a95c                InitFrameBuffer
 .text          0x0000a9dc      0x1e4 build/sampleSNES.o
                0x0000a9dc                sampleSNES
 .text          0x0000abc0      0xe84 build/menuDrawFunctions.o
                0x0000abc0                drawPauseMenu
                0x0000ac9c                drawMainMenu
                0x0000ad64                WriteSentence
                0x0000ada8                setPauseMenuIndicatorRestart
                0x0000ade8                setPauseMenuIndicatorQuit
                0x0000ae28                setMainMenuIndicatorStart
                0x0000ae68                setMainMenuIndicatorQuit
                0x0000aea8                drawVictoryScreen
                0x0000b16c                drawLossScreen
                0x0000b4a4                drawPaused
                0x0000b6f8                drawTitle
OUTPUT(build/output.elf elf32-littlearm)

.glue_7         0x0000ba44        0x0
 .glue_7        0x00000000        0x0 linker stubs

.glue_7t        0x0000ba44        0x0
 .glue_7t       0x00000000        0x0 linker stubs

.vfp11_veneer   0x0000ba44        0x0
 .vfp11_veneer  0x00000000        0x0 linker stubs

.v4_bx          0x0000ba44        0x0
 .v4_bx         0x00000000        0x0 linker stubs

.iplt           0x0000ba44        0x0
 .iplt          0x00000000        0x0 build/main.o

.rel.dyn        0x0000ba44        0x0
 .rel.iplt      0x00000000        0x0 build/main.o

.bss            0x0000ba44        0x0
 .bss           0x0000ba44        0x0 build/main.o
 .bss           0x0000ba44        0x0 build/randomNumber.o
 .bss           0x0000ba44        0x0 build/jtag.o
 .bss           0x0000ba44        0x0 build/framebuffer.o
 .bss           0x0000ba44        0x0 build/sampleSNES.o
 .bss           0x0000ba44        0x0 build/menuDrawFunctions.o

.ARM.attributes
                0x00000000       0x29
 .ARM.attributes
                0x00000000       0x29 build/main.o
 .ARM.attributes
                0x00000029       0x29 build/randomNumber.o
 .ARM.attributes
                0x00000052       0x29 build/jtag.o
 .ARM.attributes
                0x0000007b       0x29 build/framebuffer.o
 .ARM.attributes
                0x000000a4       0x29 build/sampleSNES.o
 .ARM.attributes
                0x000000cd       0x29 build/menuDrawFunctions.o

.debug_line     0x00000000      0x9c8
 .debug_line    0x00000000      0x3a0 build/main.o
 .debug_line    0x000003a0       0x5a build/randomNumber.o
 .debug_line    0x000003fa       0x61 build/jtag.o
 .debug_line    0x0000045b       0x67 build/framebuffer.o
 .debug_line    0x000004c2       0xc9 build/sampleSNES.o
 .debug_line    0x0000058b      0x43d build/menuDrawFunctions.o

.debug_info     0x00000000      0x2a6
 .debug_info    0x00000000       0x68 build/main.o
 .debug_info    0x00000068       0x74 build/randomNumber.o
 .debug_info    0x000000dc       0x6c build/jtag.o
 .debug_info    0x00000148       0x73 build/framebuffer.o
 .debug_info    0x000001bb       0x72 build/sampleSNES.o
 .debug_info    0x0000022d       0x79 build/menuDrawFunctions.o

.debug_abbrev   0x00000000       0x76
 .debug_abbrev  0x00000000       0x12 build/main.o
 .debug_abbrev  0x00000012       0x14 build/randomNumber.o
 .debug_abbrev  0x00000026       0x14 build/jtag.o
 .debug_abbrev  0x0000003a       0x14 build/framebuffer.o
 .debug_abbrev  0x0000004e       0x14 build/sampleSNES.o
 .debug_abbrev  0x00000062       0x14 build/menuDrawFunctions.o

.debug_aranges  0x00000000       0xc8
 .debug_aranges
                0x00000000       0x28 build/main.o
 .debug_aranges
                0x00000028       0x20 build/randomNumber.o
 .debug_aranges
                0x00000048       0x20 build/jtag.o
 .debug_aranges
                0x00000068       0x20 build/framebuffer.o
 .debug_aranges
                0x00000088       0x20 build/sampleSNES.o
 .debug_aranges
                0x000000a8       0x20 build/menuDrawFunctions.o

.debug_ranges   0x00000000       0x20
 .debug_ranges  0x00000000       0x20 build/main.o
