
Memory Configuration

Name             Origin             Length             Attributes
*default*        0x00000000         0xffffffff

Linker script and memory map

LOAD build/randomNumber.o
LOAD build/jtag.o
LOAD build/framebuffer.o
LOAD build/sampleSNES.o
LOAD build/main.o
LOAD build/menuDrawFunctions.o
LOAD build/utils.o

.init           0x00008000        0x4
 *(.init)
 .init          0x00008000        0x4 build/main.o
                0x00008000                _start

.data           0x00009080     0x1530
 *(.data)
 .data          0x00009080        0x0 build/randomNumber.o
 .data          0x00009080        0x0 build/jtag.o
 .data          0x00009080       0x70 build/framebuffer.o
                0x00009080                FrameBufferInit
                0x000090e0                FrameBufferPointer
 .data          0x000090f0        0x0 build/sampleSNES.o
 .data          0x000090f0      0xc50 build/main.o
 .data          0x00009d40      0x870 build/menuDrawFunctions.o
 .data          0x0000a5b0        0x0 build/utils.o
 *.c.o(*)

.igot.plt       0x0000a5b0        0x0
 .igot.plt      0x00000000        0x0 build/randomNumber.o

.text           0x0000a5b0     0x1f44
 *.c.o(.text)
 *(.text)
 .text          0x0000a5b0       0x50 build/randomNumber.o
                0x0000a5b0                randomNumber
 .text          0x0000a600       0x8c build/jtag.o
                0x0000a600                EnableJTAG
 .text          0x0000a68c       0x80 build/framebuffer.o
                0x0000a68c                InitFrameBuffer
 .text          0x0000a70c      0x1e4 build/sampleSNES.o
                0x0000a70c                sampleSNES
 .text          0x0000a8f0      0xc8c build/main.o
 .text          0x0000b57c      0xe84 build/menuDrawFunctions.o
                0x0000b57c                drawPauseMenu
                0x0000b658                drawMainMenu
                0x0000b720                WriteSentence
                0x0000b764                setPauseMenuIndicatorRestart
                0x0000b7a4                setPauseMenuIndicatorQuit
                0x0000b7e4                setMainMenuIndicatorStart
                0x0000b824                setMainMenuIndicatorQuit
                0x0000b864                drawVictoryScreen
                0x0000bb28                drawLossScreen
                0x0000be60                drawPaused
                0x0000c0b4                drawTitle
 .text          0x0000c400       0xf4 build/utils.o
                0x0000c400                clearScreen
                0x0000c434                drawPixel
                0x0000c45c                drawRect
                0x0000c4b4                positionToArrayOffset
                0x0000c4c8                startTimer
OUTPUT(build/output.elf elf32-littlearm)

.glue_7         0x0000c4f4        0x0
 .glue_7        0x00000000        0x0 linker stubs

.glue_7t        0x0000c4f4        0x0
 .glue_7t       0x00000000        0x0 linker stubs

.vfp11_veneer   0x0000c4f4        0x0
 .vfp11_veneer  0x00000000        0x0 linker stubs

.v4_bx          0x0000c4f4        0x0
 .v4_bx         0x00000000        0x0 linker stubs

.iplt           0x0000c4f4        0x0
 .iplt          0x00000000        0x0 build/randomNumber.o

.rel.dyn        0x0000c4f4        0x0
 .rel.iplt      0x00000000        0x0 build/randomNumber.o

.bss            0x0000c4f4        0x0
 .bss           0x0000c4f4        0x0 build/randomNumber.o
 .bss           0x0000c4f4        0x0 build/jtag.o
 .bss           0x0000c4f4        0x0 build/framebuffer.o
 .bss           0x0000c4f4        0x0 build/sampleSNES.o
 .bss           0x0000c4f4        0x0 build/main.o
 .bss           0x0000c4f4        0x0 build/menuDrawFunctions.o
 .bss           0x0000c4f4        0x0 build/utils.o

.ARM.attributes
                0x00000000       0x29
 .ARM.attributes
                0x00000000       0x29 build/randomNumber.o
 .ARM.attributes
                0x00000029       0x29 build/jtag.o
 .ARM.attributes
                0x00000052       0x29 build/framebuffer.o
 .ARM.attributes
                0x0000007b       0x29 build/sampleSNES.o
 .ARM.attributes
                0x000000a4       0x29 build/main.o
 .ARM.attributes
                0x000000cd       0x29 build/menuDrawFunctions.o
 .ARM.attributes
                0x000000f6       0x29 build/utils.o

.debug_line     0x00000000      0xa82
 .debug_line    0x00000000       0x5a build/randomNumber.o
 .debug_line    0x0000005a       0x61 build/jtag.o
 .debug_line    0x000000bb       0x67 build/framebuffer.o
 .debug_line    0x00000122       0xc9 build/sampleSNES.o
 .debug_line    0x000001eb      0x3d0 build/main.o
 .debug_line    0x000005bb      0x43d build/menuDrawFunctions.o
 .debug_line    0x000009f8       0x8a build/utils.o

.debug_info     0x00000000      0x2e6
 .debug_info    0x00000000       0x6b build/randomNumber.o
 .debug_info    0x0000006b       0x6c build/jtag.o
 .debug_info    0x000000d7       0x73 build/framebuffer.o
 .debug_info    0x0000014a       0x69 build/sampleSNES.o
 .debug_info    0x000001b3       0x5f build/main.o
 .debug_info    0x00000212       0x70 build/menuDrawFunctions.o
 .debug_info    0x00000282       0x64 build/utils.o

.debug_abbrev   0x00000000       0x8a
 .debug_abbrev  0x00000000       0x14 build/randomNumber.o
 .debug_abbrev  0x00000014       0x14 build/jtag.o
 .debug_abbrev  0x00000028       0x14 build/framebuffer.o
 .debug_abbrev  0x0000003c       0x14 build/sampleSNES.o
 .debug_abbrev  0x00000050       0x12 build/main.o
 .debug_abbrev  0x00000062       0x14 build/menuDrawFunctions.o
 .debug_abbrev  0x00000076       0x14 build/utils.o

.debug_aranges  0x00000000       0xe8
 .debug_aranges
                0x00000000       0x20 build/randomNumber.o
 .debug_aranges
                0x00000020       0x20 build/jtag.o
 .debug_aranges
                0x00000040       0x20 build/framebuffer.o
 .debug_aranges
                0x00000060       0x20 build/sampleSNES.o
 .debug_aranges
                0x00000080       0x28 build/main.o
 .debug_aranges
                0x000000a8       0x20 build/menuDrawFunctions.o
 .debug_aranges
                0x000000c8       0x20 build/utils.o

.debug_ranges   0x00000000       0x20
 .debug_ranges  0x00000000       0x20 build/main.o
