
Memory Configuration

Name             Origin             Length             Attributes
*default*        0x00000000         0xffffffff

Linker script and memory map

LOAD build/randomNumber.o
LOAD build/jtag.o
LOAD build/framebuffer.o
LOAD build/sampleSNES.o
LOAD build/main.o
LOAD build/menuDrawFunctions.o
LOAD build/utils.o

.init           0x00008000        0x4
 *(.init)
 .init          0x00008000        0x4 build/main.o
                0x00008000                _start

.data           0x00009080     0x14e0
 *(.data)
 .data          0x00009080        0x0 build/randomNumber.o
 .data          0x00009080        0x0 build/jtag.o
 .data          0x00009080       0x70 build/framebuffer.o
                0x00009080                FrameBufferInit
                0x000090e0                FrameBufferPointer
 .data          0x000090f0        0x0 build/sampleSNES.o
 .data          0x000090f0      0xc00 build/main.o
 .data          0x00009cf0      0x870 build/menuDrawFunctions.o
 .data          0x0000a560        0x0 build/utils.o
 *.c.o(*)

.igot.plt       0x0000a560        0x0
 .igot.plt      0x00000000        0x0 build/randomNumber.o

.text           0x0000a560     0x2348
 *.c.o(.text)
 *(.text)
 .text          0x0000a560       0x50 build/randomNumber.o
                0x0000a560                randomNumber
 .text          0x0000a5b0       0x8c build/jtag.o
                0x0000a5b0                EnableJTAG
 .text          0x0000a63c       0x80 build/framebuffer.o
                0x0000a63c                InitFrameBuffer
 .text          0x0000a6bc      0x1e4 build/sampleSNES.o
                0x0000a6bc                sampleSNES
 .text          0x0000a8a0     0x1090 build/main.o
 .text          0x0000b930      0xe84 build/menuDrawFunctions.o
                0x0000b930                drawPauseMenu
                0x0000ba0c                drawMainMenu
                0x0000bad4                WriteSentence
                0x0000bb18                setPauseMenuIndicatorRestart
                0x0000bb58                setPauseMenuIndicatorQuit
                0x0000bb98                setMainMenuIndicatorStart
                0x0000bbd8                setMainMenuIndicatorQuit
                0x0000bc18                drawVictoryScreen
                0x0000bedc                drawLossScreen
                0x0000c214                drawPaused
                0x0000c468                drawTitle
 .text          0x0000c7b4       0xf4 build/utils.o
                0x0000c7b4                clearScreen
                0x0000c7e8                drawPixel
                0x0000c810                drawRect
                0x0000c868                positionToArrayOffset
                0x0000c87c                startTimer
OUTPUT(build/output.elf elf32-littlearm)

.glue_7         0x0000c8a8        0x0
 .glue_7        0x00000000        0x0 linker stubs

.glue_7t        0x0000c8a8        0x0
 .glue_7t       0x00000000        0x0 linker stubs

.vfp11_veneer   0x0000c8a8        0x0
 .vfp11_veneer  0x00000000        0x0 linker stubs

.v4_bx          0x0000c8a8        0x0
 .v4_bx         0x00000000        0x0 linker stubs

.iplt           0x0000c8a8        0x0
 .iplt          0x00000000        0x0 build/randomNumber.o

.rel.dyn        0x0000c8a8        0x0
 .rel.iplt      0x00000000        0x0 build/randomNumber.o

.bss            0x0000c8a8        0x0
 .bss           0x0000c8a8        0x0 build/randomNumber.o
 .bss           0x0000c8a8        0x0 build/jtag.o
 .bss           0x0000c8a8        0x0 build/framebuffer.o
 .bss           0x0000c8a8        0x0 build/sampleSNES.o
 .bss           0x0000c8a8        0x0 build/main.o
 .bss           0x0000c8a8        0x0 build/menuDrawFunctions.o
 .bss           0x0000c8a8        0x0 build/utils.o

.ARM.attributes
                0x00000000       0x29
 .ARM.attributes
                0x00000000       0x29 build/randomNumber.o
 .ARM.attributes
                0x00000029       0x29 build/jtag.o
 .ARM.attributes
                0x00000052       0x29 build/framebuffer.o
 .ARM.attributes
                0x0000007b       0x29 build/sampleSNES.o
 .ARM.attributes
                0x000000a4       0x29 build/main.o
 .ARM.attributes
                0x000000cd       0x29 build/menuDrawFunctions.o
 .ARM.attributes
                0x000000f6       0x29 build/utils.o

.debug_line     0x00000000      0xb9c
 .debug_line    0x00000000       0x5a build/randomNumber.o
 .debug_line    0x0000005a       0x61 build/jtag.o
 .debug_line    0x000000bb       0x67 build/framebuffer.o
 .debug_line    0x00000122       0xc9 build/sampleSNES.o
 .debug_line    0x000001eb      0x4ea build/main.o
 .debug_line    0x000006d5      0x43d build/menuDrawFunctions.o
 .debug_line    0x00000b12       0x8a build/utils.o

.debug_info     0x00000000      0x2d4
 .debug_info    0x00000000       0x6b build/randomNumber.o
 .debug_info    0x0000006b       0x63 build/jtag.o
 .debug_info    0x000000ce       0x6a build/framebuffer.o
 .debug_info    0x00000138       0x69 build/sampleSNES.o
 .debug_info    0x000001a1       0x5f build/main.o
 .debug_info    0x00000200       0x70 build/menuDrawFunctions.o
 .debug_info    0x00000270       0x64 build/utils.o

.debug_abbrev   0x00000000       0x8a
 .debug_abbrev  0x00000000       0x14 build/randomNumber.o
 .debug_abbrev  0x00000014       0x14 build/jtag.o
 .debug_abbrev  0x00000028       0x14 build/framebuffer.o
 .debug_abbrev  0x0000003c       0x14 build/sampleSNES.o
 .debug_abbrev  0x00000050       0x12 build/main.o
 .debug_abbrev  0x00000062       0x14 build/menuDrawFunctions.o
 .debug_abbrev  0x00000076       0x14 build/utils.o

.debug_aranges  0x00000000       0xe8
 .debug_aranges
                0x00000000       0x20 build/randomNumber.o
 .debug_aranges
                0x00000020       0x20 build/jtag.o
 .debug_aranges
                0x00000040       0x20 build/framebuffer.o
 .debug_aranges
                0x00000060       0x20 build/sampleSNES.o
 .debug_aranges
                0x00000080       0x28 build/main.o
 .debug_aranges
                0x000000a8       0x20 build/menuDrawFunctions.o
 .debug_aranges
                0x000000c8       0x20 build/utils.o

.debug_ranges   0x00000000       0x20
 .debug_ranges  0x00000000       0x20 build/main.o
