
Memory Configuration

Name             Origin             Length             Attributes
*default*        0x00000000         0xffffffff

Linker script and memory map

LOAD build/jtag.o
LOAD build/main.o
LOAD uart.o
LOAD gpio.o

.init           0x00008000        0x4
 *(.init)
 .init          0x00008000        0x4 build/main.o
                0x00008000                _start

.data           0x00009080       0xc4
 *(.data)
 .data          0x00009080        0x0 build/jtag.o
 .data          0x00009080       0xc4 build/main.o
 .data          0x00009144        0x0 uart.o
 .data          0x00009144        0x0 gpio.o
 *.c.o(*)

.igot.plt       0x00009144        0x0
 .igot.plt      0x00000000        0x0 build/jtag.o

.text           0x00009144      0x7a8
 *.c.o(.text)
 *(.text)
 .text          0x00009144       0x8c build/jtag.o
                0x00009144                EnableJTAG
 .text          0x000091d0      0x48c build/main.o
 .text          0x0000965c      0x1b8 uart.o
                0x0000965c                InitUART
                0x0000971c                PutCharUART
                0x00009738                GetCharUART
                0x00009754                WriteStringUART
                0x00009784                ReadLineUART
 .text          0x00009814       0xd8 gpio.o
                0x00009814                GetGpioAddress
                0x0000981c                SetGpioFunction
                0x00009868                SetGpio
                0x000098a4                GetGpio
OUTPUT(build/output.elf elf32-littlearm)

.glue_7         0x000098ec        0x0
 .glue_7        0x00000000        0x0 linker stubs

.glue_7t        0x000098ec        0x0
 .glue_7t       0x00000000        0x0 linker stubs

.vfp11_veneer   0x000098ec        0x0
 .vfp11_veneer  0x00000000        0x0 linker stubs

.v4_bx          0x000098ec        0x0
 .v4_bx         0x00000000        0x0 linker stubs

.iplt           0x000098ec        0x0
 .iplt          0x00000000        0x0 build/jtag.o

.rel.dyn        0x000098ec        0x0
 .rel.iplt      0x00000000        0x0 build/jtag.o

.bss            0x000098ec        0x0
 .bss           0x000098ec        0x0 build/jtag.o
 .bss           0x000098ec        0x0 build/main.o
 .bss           0x000098ec        0x0 uart.o
 .bss           0x000098ec        0x0 gpio.o

.ARM.attributes
                0x00000000       0x29
 .ARM.attributes
                0x00000000       0x29 build/jtag.o
 .ARM.attributes
                0x00000029       0x29 build/main.o
 .ARM.attributes
                0x00000052       0x29 uart.o
 .ARM.attributes
                0x0000007b       0x29 gpio.o

.debug_line     0x00000000      0x330
 .debug_line    0x00000000       0x61 build/jtag.o
 .debug_line    0x00000061      0x19f build/main.o
 .debug_line    0x00000200       0xb7 uart.o
 .debug_line    0x000002b7       0x79 gpio.o

.debug_info     0x00000000      0x19c
 .debug_info    0x00000000       0x63 build/jtag.o
 .debug_info    0x00000063       0x5f build/main.o
 .debug_info    0x000000c2       0x6d uart.o
 .debug_info    0x0000012f       0x6d gpio.o

.debug_abbrev   0x00000000       0x4e
 .debug_abbrev  0x00000000       0x14 build/jtag.o
 .debug_abbrev  0x00000014       0x12 build/main.o
 .debug_abbrev  0x00000026       0x14 uart.o
 .debug_abbrev  0x0000003a       0x14 gpio.o

.debug_aranges  0x00000000       0x88
 .debug_aranges
                0x00000000       0x20 build/jtag.o
 .debug_aranges
                0x00000020       0x28 build/main.o
 .debug_aranges
                0x00000048       0x20 uart.o
 .debug_aranges
                0x00000068       0x20 gpio.o

.debug_ranges   0x00000000       0x20
 .debug_ranges  0x00000000       0x20 build/main.o
