
Memory Configuration

Name             Origin             Length             Attributes
*default*        0x00000000         0xffffffff

Linker script and memory map

LOAD build/jtag.o
LOAD build/main.o
LOAD uart.o
LOAD gpio.o

.init           0x00008000        0x4
 *(.init)
 .init          0x00008000        0x4 build/main.o
                0x00008000                _start

.data           0x00009080      0x16c
 *(.data)
 .data          0x00009080        0x0 build/jtag.o
 .data          0x00009080      0x16c build/main.o
 .data          0x000091ec        0x0 uart.o
 .data          0x000091ec        0x0 gpio.o
 *.c.o(*)

.igot.plt       0x000091ec        0x0
 .igot.plt      0x00000000        0x0 build/jtag.o

.text           0x000091ec      0x648
 *.c.o(.text)
 *(.text)
 .text          0x000091ec       0x8c build/jtag.o
                0x000091ec                EnableJTAG
 .text          0x00009278      0x32c build/main.o
 .text          0x000095a4      0x1b8 uart.o
                0x000095a4                InitUART
                0x00009664                PutCharUART
                0x00009680                GetCharUART
                0x0000969c                WriteStringUART
                0x000096cc                ReadLineUART
 .text          0x0000975c       0xd8 gpio.o
                0x0000975c                GetGpioAddress
                0x00009764                SetGpioFunction
                0x000097b0                SetGpio
                0x000097ec                GetGpio
OUTPUT(build/output.elf elf32-littlearm)

.glue_7         0x00009834        0x0
 .glue_7        0x00000000        0x0 linker stubs

.glue_7t        0x00009834        0x0
 .glue_7t       0x00000000        0x0 linker stubs

.vfp11_veneer   0x00009834        0x0
 .vfp11_veneer  0x00000000        0x0 linker stubs

.v4_bx          0x00009834        0x0
 .v4_bx         0x00000000        0x0 linker stubs

.iplt           0x00009834        0x0
 .iplt          0x00000000        0x0 build/jtag.o

.rel.dyn        0x00009834        0x0
 .rel.iplt      0x00000000        0x0 build/jtag.o

.bss            0x00009834        0x0
 .bss           0x00009834        0x0 build/jtag.o
 .bss           0x00009834        0x0 build/main.o
 .bss           0x00009834        0x0 uart.o
 .bss           0x00009834        0x0 gpio.o

.ARM.attributes
                0x00000000       0x29
 .ARM.attributes
                0x00000000       0x29 build/jtag.o
 .ARM.attributes
                0x00000029       0x29 build/main.o
 .ARM.attributes
                0x00000052       0x29 uart.o
 .ARM.attributes
                0x0000007b       0x29 gpio.o

.debug_line     0x00000000      0x2c6
 .debug_line    0x00000000       0x61 build/jtag.o
 .debug_line    0x00000061      0x135 build/main.o
 .debug_line    0x00000196       0xb7 uart.o
 .debug_line    0x0000024d       0x79 gpio.o

.debug_info     0x00000000      0x19c
 .debug_info    0x00000000       0x63 build/jtag.o
 .debug_info    0x00000063       0x5f build/main.o
 .debug_info    0x000000c2       0x6d uart.o
 .debug_info    0x0000012f       0x6d gpio.o

.debug_abbrev   0x00000000       0x4e
 .debug_abbrev  0x00000000       0x14 build/jtag.o
 .debug_abbrev  0x00000014       0x12 build/main.o
 .debug_abbrev  0x00000026       0x14 uart.o
 .debug_abbrev  0x0000003a       0x14 gpio.o

.debug_aranges  0x00000000       0x88
 .debug_aranges
                0x00000000       0x20 build/jtag.o
 .debug_aranges
                0x00000020       0x28 build/main.o
 .debug_aranges
                0x00000048       0x20 uart.o
 .debug_aranges
                0x00000068       0x20 gpio.o

.debug_ranges   0x00000000       0x20
 .debug_ranges  0x00000000       0x20 build/main.o
